---
source: payas-parser/src/builder/resolved_builder.rs
expression: normalized_system(&resolved)

---
- - Primitive: Boolean
  - Composite:
      name: Concert
      plural_name: Concerts
      fields:
        - name: id
          typ:
            Plain: Int
          column_name: custom_id
          is_pk: true
          is_autoincrement: true
          type_hint:
            Explicit:
              dbtype: BIGINT
        - name: title
          typ:
            Plain: String
          column_name: custom_title
          is_pk: false
          is_autoincrement: false
          type_hint:
            String:
              length: 12
        - name: venue
          typ:
            Plain: Venue
          column_name: custom_venue_id
          is_pk: false
          is_autoincrement: false
          type_hint: ~
        - name: reserved
          typ:
            Plain: Int
          column_name: reserved
          is_pk: false
          is_autoincrement: false
          type_hint:
            Int:
              bits: ~
              range:
                - 0
                - 300
        - name: time
          typ:
            Plain: Instant
          column_name: time
          is_pk: false
          is_autoincrement: false
          type_hint:
            DateTime:
              precision: 4
        - name: price
          typ:
            Plain: Decimal
          column_name: price
          is_pk: false
          is_autoincrement: false
          type_hint:
            Decimal:
              precision: 10
              scale: 2
      table_name: custom_concerts
      access:
        creation:
          BooleanLiteral:
            - true
        read:
          BooleanLiteral:
            - true
        update:
          BooleanLiteral:
            - true
        delete:
          BooleanLiteral:
            - true
  - Primitive: Decimal
  - Primitive: Float
  - Primitive: Instant
  - Primitive: Int
  - Primitive: Json
  - Primitive: LocalDate
  - Primitive: LocalDateTime
  - Primitive: LocalTime
  - Primitive: String
  - Composite:
      name: Venue
      plural_name: Venuess
      fields:
        - name: id
          typ:
            Plain: Int
          column_name: custom_id
          is_pk: true
          is_autoincrement: true
          type_hint: ~
        - name: name
          typ:
            Plain: String
          column_name: custom_name
          is_pk: false
          is_autoincrement: false
          type_hint: ~
        - name: concerts
          typ:
            List:
              Plain: Concert
          column_name: custom_venueid
          is_pk: false
          is_autoincrement: false
          type_hint: ~
        - name: capacity
          typ:
            Plain: Int
          column_name: capacity
          is_pk: false
          is_autoincrement: false
          type_hint:
            Int:
              bits: 16
              range: ~
        - name: latitude
          typ:
            Plain: Float
          column_name: latitude
          is_pk: false
          is_autoincrement: false
          type_hint:
            Float:
              bits: 24
      table_name: venues
      access:
        creation:
          BooleanLiteral:
            - true
        read:
          BooleanLiteral:
            - true
        update:
          BooleanLiteral:
            - true
        delete:
          BooleanLiteral:
            - true
- []

