---
source: payas-parser/src/builder/typechecking.rs
expression: types

---
- - Doc
  - Composite:
      name: Doc
      fields:
        - name: is_public
          typ:
            Primitive: BOOLEAN
          annotations: []
      annotations: []
- - User
  - Composite:
      name: User
      fields:
        - name: doc
          typ:
            Reference: Doc
          annotations:
            - name: column
              params:
                - StringLiteral:
                    - custom_column
                    - Primitive: STRING
            - name: auth
              params:
                - LogicalOp:
                    Or:
                      - LogicalOp:
                          Or:
                            - RelationalOp:
                                Eq:
                                  - FieldSelection:
                                      Select:
                                        - Single:
                                            - self
                                            - Reference: User
                                        - role
                                        - Primitive: STRING
                                  - StringLiteral:
                                      - role_admin
                                      - Primitive: STRING
                                  - Primitive: BOOLEAN
                            - RelationalOp:
                                Eq:
                                  - FieldSelection:
                                      Select:
                                        - Single:
                                            - self
                                            - Reference: User
                                        - role
                                        - Primitive: STRING
                                  - StringLiteral:
                                      - role_superuser
                                      - Primitive: STRING
                                  - Primitive: BOOLEAN
                            - Primitive: BOOLEAN
                      - FieldSelection:
                          Select:
                            - Select:
                                - Single:
                                    - self
                                    - Reference: User
                                - doc
                                - Reference: Doc
                            - is_public
                            - Primitive: BOOLEAN
                      - Primitive: BOOLEAN
        - name: role
          typ:
            Primitive: STRING
          annotations: []
      annotations: []

