---
source: payas-parser/src/builder/resolved_builder.rs
expression: resolved

---
types:
  values:
    - - ~
      - Primitive: Boolean
    - - ~
      - Primitive: Int
    - - ~
      - Primitive: Float
    - - ~
      - Primitive: Decimal
    - - ~
      - Primitive: String
    - - ~
      - Primitive: LocalTime
    - - ~
      - Primitive: LocalDateTime
    - - ~
      - Primitive: LocalDate
    - - ~
      - Primitive: Instant
    - - ~
      - Primitive: Json
    - - ~
      - Primitive: Injected
    - - ~
      - Composite:
          name: Concert
          plural_name: Concerts
          fields:
            - name: id
              typ:
                Plain: Int
              kind:
                Persistent:
                  column_name: custom_id
                  is_pk: true
                  is_autoincrement: true
                  type_hint:
                    Explicit:
                      dbtype: BIGINT
            - name: title
              typ:
                Plain: String
              kind:
                Persistent:
                  column_name: custom_title
                  is_pk: false
                  is_autoincrement: false
                  type_hint:
                    String:
                      length: 12
            - name: venue
              typ:
                Plain: Venue
              kind:
                Persistent:
                  column_name: custom_venue_id
                  is_pk: false
                  is_autoincrement: false
                  type_hint: ~
            - name: reserved
              typ:
                Plain: Int
              kind:
                Persistent:
                  column_name: reserved
                  is_pk: false
                  is_autoincrement: false
                  type_hint:
                    Int:
                      bits: ~
                      range:
                        - 0
                        - 300
            - name: time
              typ:
                Plain: Instant
              kind:
                Persistent:
                  column_name: time
                  is_pk: false
                  is_autoincrement: false
                  type_hint:
                    DateTime:
                      precision: 4
            - name: price
              typ:
                Plain: Decimal
              kind:
                Persistent:
                  column_name: price
                  is_pk: false
                  is_autoincrement: false
                  type_hint:
                    Decimal:
                      precision: 10
                      scale: 2
          kind:
            Persistent:
              table_name: custom_concerts
          access:
            creation:
              BooleanLiteral:
                - true
            read:
              BooleanLiteral:
                - true
            update:
              BooleanLiteral:
                - true
            delete:
              BooleanLiteral:
                - true
    - - ~
      - Composite:
          name: Venue
          plural_name: Venuess
          fields:
            - name: id
              typ:
                Plain: Int
              kind:
                Persistent:
                  column_name: custom_id
                  is_pk: true
                  is_autoincrement: true
                  type_hint: ~
            - name: name
              typ:
                Plain: String
              kind:
                Persistent:
                  column_name: custom_name
                  is_pk: false
                  is_autoincrement: false
                  type_hint: ~
            - name: concerts
              typ:
                List:
                  Plain: Concert
              kind:
                Persistent:
                  column_name: custom_venueid
                  is_pk: false
                  is_autoincrement: false
                  type_hint: ~
            - name: capacity
              typ:
                Plain: Int
              kind:
                Persistent:
                  column_name: capacity
                  is_pk: false
                  is_autoincrement: false
                  type_hint:
                    Int:
                      bits: 16
                      range: ~
            - name: latitude
              typ:
                Plain: Float
              kind:
                Persistent:
                  column_name: latitude
                  is_pk: false
                  is_autoincrement: false
                  type_hint:
                    Float:
                      bits: 24
          kind:
            Persistent:
              table_name: venues
          access:
            creation:
              BooleanLiteral:
                - true
            read:
              BooleanLiteral:
                - true
            update:
              BooleanLiteral:
                - true
            delete:
              BooleanLiteral:
                - true
    - ~
    - ~
    - ~
  map:
    Boolean:
      index: 0
      generation: ~
    Concert:
      index: 11
      generation: ~
    Decimal:
      index: 3
      generation: ~
    Float:
      index: 2
      generation: ~
    Injected:
      index: 10
      generation: ~
    Instant:
      index: 8
      generation: ~
    Int:
      index: 1
      generation: ~
    Json:
      index: 9
      generation: ~
    LocalDate:
      index: 7
      generation: ~
    LocalDateTime:
      index: 6
      generation: ~
    LocalTime:
      index: 5
      generation: ~
    String:
      index: 4
      generation: ~
    Venue:
      index: 12
      generation: ~
contexts:
  values:
    - ~
    - ~
    - ~
    - ~
  map: {}
services:
  values:
    - ~
    - ~
    - ~
    - ~
  map: {}

