---
source: payas-parser/src/builder/resolved_builder.rs
expression: resolved

---
types:
  values:
    - - ~
      - Primitive: Boolean
    - - ~
      - Primitive: Int
    - - ~
      - Primitive: Float
    - - ~
      - Primitive: Decimal
    - - ~
      - Primitive: String
    - - ~
      - Primitive: LocalTime
    - - ~
      - Primitive: LocalDateTime
    - - ~
      - Primitive: LocalDate
    - - ~
      - Primitive: Instant
    - - ~
      - Primitive: Json
    - - ~
      - Primitive: Blob
    - - ~
      - Primitive: Uuid
    - - ~
      - Primitive: ClaytipInjected
    - - ~
      - Primitive:
          Interception: Operation
    - - ~
      - Composite:
          name: Concert
          plural_name: Concerts
          fields:
            - name: id
              typ:
                Plain: Int
              kind:
                Persistent:
                  column_name: id
                  self_column: true
                  is_pk: true
                  type_hint: ~
                  unique_constraints: []
              default_value: Autoincrement
            - name: title
              typ:
                Plain: String
              kind:
                Persistent:
                  column_name: title
                  self_column: true
                  is_pk: false
                  type_hint: ~
                  unique_constraints: []
              default_value: ~
            - name: venue
              typ:
                Optional:
                  Plain: Venue
              kind:
                Persistent:
                  column_name: venue_id
                  self_column: true
                  is_pk: false
                  type_hint: ~
                  unique_constraints: []
              default_value: ~
            - name: icon
              typ:
                Optional:
                  Plain: Blob
              kind:
                Persistent:
                  column_name: icon
                  self_column: true
                  is_pk: false
                  type_hint: ~
                  unique_constraints: []
              default_value: ~
          kind:
            Persistent:
              table_name: concerts
          access:
            creation:
              BooleanLiteral:
                - true
            read:
              BooleanLiteral:
                - true
            update:
              BooleanLiteral:
                - true
            delete:
              BooleanLiteral:
                - true
    - - ~
      - Composite:
          name: Venue
          plural_name: Venues
          fields:
            - name: id
              typ:
                Plain: Int
              kind:
                Persistent:
                  column_name: id
                  self_column: true
                  is_pk: true
                  type_hint: ~
                  unique_constraints: []
              default_value: Autoincrement
            - name: name
              typ:
                Plain: String
              kind:
                Persistent:
                  column_name: name
                  self_column: true
                  is_pk: false
                  type_hint: ~
                  unique_constraints: []
              default_value: ~
            - name: address
              typ:
                Optional:
                  Plain: String
              kind:
                Persistent:
                  column_name: custom_address
                  self_column: true
                  is_pk: false
                  type_hint: ~
                  unique_constraints: []
              default_value: ~
            - name: concerts
              typ:
                Optional:
                  List:
                    Plain: Concert
              kind:
                Persistent:
                  column_name: venue_id
                  self_column: false
                  is_pk: false
                  type_hint: ~
                  unique_constraints: []
              default_value: ~
          kind:
            Persistent:
              table_name: venues
          access:
            creation:
              BooleanLiteral:
                - true
            read:
              BooleanLiteral:
                - true
            update:
              BooleanLiteral:
                - true
            delete:
              BooleanLiteral:
                - true
  map:
    Blob:
      index: 10
      generation: ~
    Boolean:
      index: 0
      generation: ~
    ClaytipInjected:
      index: 12
      generation: ~
    Concert:
      index: 14
      generation: ~
    Decimal:
      index: 3
      generation: ~
    Float:
      index: 2
      generation: ~
    Instant:
      index: 8
      generation: ~
    Int:
      index: 1
      generation: ~
    Json:
      index: 9
      generation: ~
    LocalDate:
      index: 7
      generation: ~
    LocalDateTime:
      index: 6
      generation: ~
    LocalTime:
      index: 5
      generation: ~
    Operation:
      index: 13
      generation: ~
    String:
      index: 4
      generation: ~
    Uuid:
      index: 11
      generation: ~
    Venue:
      index: 15
      generation: ~
contexts:
  values:
    - ~
    - ~
    - ~
    - ~
  map: {}
services:
  values:
    - ~
    - ~
    - ~
    - ~
  map: {}

