---
source: payas-parser/src/builder/resolved_builder.rs
expression: normalized_system(&resolved)

---
- - Primitive: Boolean
  - Composite:
      name: Concert
      fields:
        - name: id
          typ:
            Plain: Int
          column_name: id
          is_pk: true
          is_autoincrement: true
          type_hint: ~
        - name: title
          typ:
            Plain: String
          column_name: title
          is_pk: false
          is_autoincrement: false
          type_hint: ~
        - name: venue
          typ:
            Plain: Venue
          column_name: venue_id
          is_pk: false
          is_autoincrement: false
          type_hint: ~
      table_name: Concert
      access:
        creation:
          BooleanLiteral:
            - true
            - Primitive: Boolean
        read:
          BooleanLiteral:
            - true
            - Primitive: Boolean
        update:
          BooleanLiteral:
            - true
            - Primitive: Boolean
        delete:
          BooleanLiteral:
            - true
            - Primitive: Boolean
  - Primitive: Instant
  - Primitive: Int
  - Primitive: LocalDate
  - Primitive: LocalDateTime
  - Primitive: LocalTime
  - Primitive: String
  - Composite:
      name: Venue
      fields:
        - name: id
          typ:
            Plain: Int
          column_name: id
          is_pk: true
          is_autoincrement: true
          type_hint: ~
        - name: name
          typ:
            Plain: String
          column_name: name
          is_pk: false
          is_autoincrement: false
          type_hint: ~
        - name: concerts
          typ:
            List:
              Plain: Concert
          column_name: venue_id
          is_pk: false
          is_autoincrement: false
          type_hint: ~
      table_name: Venue
      access:
        creation:
          BooleanLiteral:
            - true
            - Primitive: Boolean
        read:
          BooleanLiteral:
            - true
            - Primitive: Boolean
        update:
          BooleanLiteral:
            - true
            - Primitive: Boolean
        delete:
          BooleanLiteral:
            - true
            - Primitive: Boolean
- []

