---
source: crates/builder/src/typechecker/mod.rs
expression: built
---
types:
  values:
    - - ~
      - Primitive: Boolean
    - - ~
      - Primitive: Int
    - - ~
      - Primitive: Float
    - - ~
      - Primitive: Decimal
    - - ~
      - Primitive: String
    - - ~
      - Primitive: LocalTime
    - - ~
      - Primitive: LocalDateTime
    - - ~
      - Primitive: LocalDate
    - - ~
      - Primitive: Instant
    - - ~
      - Primitive: Json
    - - ~
      - Primitive: Blob
    - - ~
      - Primitive: Uuid
    - - ~
      - Primitive: Vector
    - - ~
      - Primitive: Exograph
    - - ~
      - Primitive: ExographPriv
    - - ~
      - Primitive:
          Interception: Operation
    - - ~
      - Composite:
          name: User
          kind: Type
          fields:
            - name: doc
              typ:
                Plain:
                  - ~
                  - Doc
                  - []
                  - true
              annotations:
                annotations:
                  access:
                    name: access
                    params:
                      Single:
                        - LogicalOp:
                            Or:
                              - LogicalOp:
                                  Or:
                                    - RelationalOp:
                                        Eq:
                                          - FieldSelection:
                                              Select:
                                                - Single:
                                                    - Identifier:
                                                        - self
                                                        - Reference:
                                                            index: 16
                                                            generation: ~
                                                    - Reference:
                                                        index: 16
                                                        generation: ~
                                                - Identifier:
                                                    - role
                                                    - Defer
                                                - Reference:
                                                    index: 4
                                                    generation: ~
                                          - StringLiteral:
                                              - role_admin
                                          - Primitive: Boolean
                                    - RelationalOp:
                                        Eq:
                                          - FieldSelection:
                                              Select:
                                                - Single:
                                                    - Identifier:
                                                        - self
                                                        - Reference:
                                                            index: 16
                                                            generation: ~
                                                    - Reference:
                                                        index: 16
                                                        generation: ~
                                                - Identifier:
                                                    - role
                                                    - Defer
                                                - Reference:
                                                    index: 4
                                                    generation: ~
                                          - StringLiteral:
                                              - role_superuser
                                          - Primitive: Boolean
                                    - Primitive: Boolean
                              - FieldSelection:
                                  Select:
                                    - Select:
                                        - Single:
                                            - Identifier:
                                                - self
                                                - Reference:
                                                    index: 16
                                                    generation: ~
                                            - Reference:
                                                index: 16
                                                generation: ~
                                        - Identifier:
                                            - doc
                                            - Defer
                                        - Reference:
                                            index: 17
                                            generation: ~
                                    - Identifier:
                                        - is_public
                                        - Defer
                                    - Reference:
                                        index: 0
                                        generation: ~
                              - Primitive: Boolean
                  column:
                    name: column
                    params:
                      Single:
                        - StringLiteral:
                            - custom_column
              default_value: ~
              doc_comments: ~
            - name: role
              typ:
                Plain:
                  - ~
                  - String
                  - []
                  - true
              annotations:
                annotations: {}
              default_value: ~
              doc_comments: ~
          fragment_references: []
          annotations:
            annotations: {}
          doc_comments: ~
    - - ~
      - Composite:
          name: Doc
          kind: Type
          fields:
            - name: is_public
              typ:
                Plain:
                  - ~
                  - Boolean
                  - []
                  - true
              annotations:
                annotations: {}
              default_value: ~
              doc_comments: ~
          fragment_references: []
          annotations:
            annotations: {}
          doc_comments: ~
    - ~
    - ~
    - ~
    - ~
    - ~
    - ~
    - ~
    - ~
    - ~
    - ~
    - ~
    - ~
    - ~
    - ~
  map:
    Blob:
      index: 10
      generation: ~
    Boolean:
      index: 0
      generation: ~
    Decimal:
      index: 3
      generation: ~
    Doc:
      index: 17
      generation: ~
    Exograph:
      index: 13
      generation: ~
    ExographPriv:
      index: 14
      generation: ~
    Float:
      index: 2
      generation: ~
    Instant:
      index: 8
      generation: ~
    Int:
      index: 1
      generation: ~
    Json:
      index: 9
      generation: ~
    LocalDate:
      index: 7
      generation: ~
    LocalDateTime:
      index: 6
      generation: ~
    LocalTime:
      index: 5
      generation: ~
    Operation:
      index: 15
      generation: ~
    String:
      index: 4
      generation: ~
    User:
      index: 16
      generation: ~
    Uuid:
      index: 11
      generation: ~
    Vector:
      index: 12
      generation: ~
modules:
  values:
    - - ~
      - name: UserModule
        annotations:
          annotations:
            postgres:
              name: postgres
              params: None
        types:
          - name: User
            kind: Type
            fields:
              - name: doc
                typ:
                  Plain:
                    - ~
                    - Doc
                    - []
                    - true
                annotations:
                  annotations:
                    access:
                      name: access
                      params:
                        Single:
                          - LogicalOp:
                              Or:
                                - LogicalOp:
                                    Or:
                                      - RelationalOp:
                                          Eq:
                                            - FieldSelection:
                                                Select:
                                                  - Single:
                                                      - Identifier:
                                                          - self
                                                          - Reference:
                                                              index: 16
                                                              generation: ~
                                                      - Reference:
                                                          index: 16
                                                          generation: ~
                                                  - Identifier:
                                                      - role
                                                      - Defer
                                                  - Reference:
                                                      index: 4
                                                      generation: ~
                                            - StringLiteral:
                                                - role_admin
                                            - Primitive: Boolean
                                      - RelationalOp:
                                          Eq:
                                            - FieldSelection:
                                                Select:
                                                  - Single:
                                                      - Identifier:
                                                          - self
                                                          - Reference:
                                                              index: 16
                                                              generation: ~
                                                      - Reference:
                                                          index: 16
                                                          generation: ~
                                                  - Identifier:
                                                      - role
                                                      - Defer
                                                  - Reference:
                                                      index: 4
                                                      generation: ~
                                            - StringLiteral:
                                                - role_superuser
                                            - Primitive: Boolean
                                      - Primitive: Boolean
                                - FieldSelection:
                                    Select:
                                      - Select:
                                          - Single:
                                              - Identifier:
                                                  - self
                                                  - Reference:
                                                      index: 16
                                                      generation: ~
                                              - Reference:
                                                  index: 16
                                                  generation: ~
                                          - Identifier:
                                              - doc
                                              - Defer
                                          - Reference:
                                              index: 17
                                              generation: ~
                                      - Identifier:
                                          - is_public
                                          - Defer
                                      - Reference:
                                          index: 0
                                          generation: ~
                                - Primitive: Boolean
                    column:
                      name: column
                      params:
                        Single:
                          - StringLiteral:
                              - custom_column
                default_value: ~
                doc_comments: ~
              - name: role
                typ:
                  Plain:
                    - ~
                    - String
                    - []
                    - true
                annotations:
                  annotations: {}
                default_value: ~
                doc_comments: ~
            fragment_references: []
            annotations:
              annotations: {}
            doc_comments: ~
          - name: Doc
            kind: Type
            fields:
              - name: is_public
                typ:
                  Plain:
                    - ~
                    - Boolean
                    - []
                    - true
                annotations:
                  annotations: {}
                default_value: ~
                doc_comments: ~
            fragment_references: []
            annotations:
              annotations: {}
            doc_comments: ~
        enums: []
        methods: []
        interceptors: []
        base_exofile: input.exo
        doc_comments: ~
    - ~
    - ~
    - ~
  map:
    UserModule:
      index: 0
      generation: ~
