---
source: payas-parser/src/parser/converter.rs
expression: "convert_root(parsed.root_node(), src.as_bytes(), &codemap, file_span)"

---
models:
  - name: Concert
    kind: Persistent
    fields:
      - name: id
        typ:
          Plain:
            - Int
            - []
            - ~
        annotations:
          - name: pk
            params: None
          - name: autoincrement
            params: None
      - name: title
        typ:
          Plain:
            - String
            - []
            - ~
        annotations: []
      - name: venue
        typ:
          Plain:
            - Venue
            - []
            - ~
        annotations:
          - name: column
            params:
              Single:
                - StringLiteral:
                    - venueid
    annotations:
      - name: table
        params:
          Single:
            - StringLiteral:
                - concerts
  - name: Venue
    kind: Persistent
    fields:
      - name: id
        typ:
          Plain:
            - Int
            - []
            - ~
        annotations:
          - name: pk
            params: None
          - name: autoincrement
            params: None
      - name: name
        typ:
          Plain:
            - String
            - []
            - ~
        annotations: []
      - name: concerts
        typ:
          Plain:
            - Set
            - - Plain:
                  - Concert
                  - []
                  - ~
            - ~
        annotations:
          - name: column
            params:
              Single:
                - StringLiteral:
                    - venueid
    annotations:
      - name: table
        params:
          Single:
            - StringLiteral:
                - venues
services: []

