---
source: payas-parser/src/parser/converter.rs
expression: "convert_root(parsed.root_node(), src.as_bytes(), &codemap, file_span)"

---
models:
  - name: AuthUser
    kind: Context
    fields:
      - name: id
        ast_typ:
          Plain:
            - Int
        typ: ~
        annotations:
          - name: jwt
            params:
              Single:
                - StringLiteral:
                    - sub
      - name: roles
        ast_typ:
          List:
            Plain:
              - String
        typ: ~
        annotations:
          - name: jwt
            params: None
    annotations: []

