---
source: payas-parser/src/parser/converter.rs
expression: "convert_root(parsed.root_node(), src.as_bytes(), &codemap, file_span)"

---
models:
  - name: Concert
    kind: Persistent
    fields:
      - name: id
        ast_typ:
          Plain:
            - Int
        typ: ~
        ast_annotations:
          - name: pk
            params: None
          - name: autoincrement
            params: None
        annotations: ~
      - name: title
        ast_typ:
          Plain:
            - String
        typ: ~
        ast_annotations: []
        annotations: ~
      - name: venue
        ast_typ:
          Plain:
            - Venue
        typ: ~
        ast_annotations:
          - name: column
            params:
              Single:
                - StringLiteral:
                    - venueid
        annotations: ~
    ast_annotations:
      - name: table
        params:
          Single:
            - StringLiteral:
                - concerts
    annotations: ~
  - name: Venue
    kind: Persistent
    fields:
      - name: id
        ast_typ:
          Plain:
            - Int
        typ: ~
        ast_annotations:
          - name: pk
            params: None
          - name: autoincrement
            params: None
        annotations: ~
      - name: name
        ast_typ:
          Plain:
            - String
        typ: ~
        ast_annotations: []
        annotations: ~
      - name: concerts
        ast_typ:
          List:
            Plain:
              - Concert
        typ: ~
        ast_annotations:
          - name: column
            params:
              Single:
                - StringLiteral:
                    - venueid
        annotations: ~
    ast_annotations:
      - name: table
        params:
          Single:
            - StringLiteral:
                - venues
    annotations: ~

