---
source: payas-server-core/src/graphql/validation/document_validator.rs
expression: "validator.validate(create_query_document(r#\"\n                query {\n                    concerts(orderBy: {title: DESC}) {\n                        id\n                    }\n                }\n            \"#))"
---
Ok(
    ValidatedOperation {
        name: None,
        typ: Query,
        fields: [
            ValidatedField {
                alias: None,
                name: Name(
                    "concerts",
                ),
                arguments: {
                    "orderBy": Object(
                        {
                            Name(
                                "title",
                            ): Enum(
                                Name(
                                    "DESC",
                                ),
                            ),
                        },
                    ),
                },
                subfields: [
                    ValidatedField {
                        alias: None,
                        name: Name(
                            "id",
                        ),
                        arguments: {},
                        subfields: [],
                    },
                ],
            },
        ],
    },
)
