---
source: payas-server-core/src/graphql/validation/document_validator.rs
expression: "validator.validate(create_query_document(r#\"\n                query {\n                    concerts(where: {id: {eq: 1}}) {\n                        id\n                        title\n                        venue {\n                            id\n                            name\n                        }\n                    }\n                }\n            \"#))"
---
Ok(
    ValidatedOperation {
        name: None,
        typ: Query,
        fields: [
            ValidatedField {
                alias: None,
                name: Name(
                    "concerts",
                ),
                arguments: {
                    "where": Object(
                        {
                            Name(
                                "id",
                            ): Object(
                                {
                                    Name(
                                        "eq",
                                    ): Number(
                                        Number(
                                            1,
                                        ),
                                    ),
                                },
                            ),
                        },
                    ),
                },
                subfields: [
                    ValidatedField {
                        alias: None,
                        name: Name(
                            "id",
                        ),
                        arguments: {},
                        subfields: [],
                    },
                    ValidatedField {
                        alias: None,
                        name: Name(
                            "title",
                        ),
                        arguments: {},
                        subfields: [],
                    },
                    ValidatedField {
                        alias: None,
                        name: Name(
                            "venue",
                        ),
                        arguments: {},
                        subfields: [
                            ValidatedField {
                                alias: None,
                                name: Name(
                                    "id",
                                ),
                                arguments: {},
                                subfields: [],
                            },
                            ValidatedField {
                                alias: None,
                                name: Name(
                                    "name",
                                ),
                                arguments: {},
                                subfields: [],
                            },
                        ],
                    },
                ],
            },
        ],
    },
)
