---
source: payas-parser/src/typechecker/mod.rs
expression: types

---
- - Boolean
  - Primitive: Boolean
- - Decimal
  - Primitive: Decimal
- - Doc
  - Composite:
      name: Doc
      kind: Persistent
      fields:
        - name: is_public
          typ:
            Reference: Boolean
          annotations:
            annotations: {}
      annotations:
        annotations: {}
- - Float
  - Primitive: Float
- - Instant
  - Primitive: Instant
- - Int
  - Primitive: Int
- - Json
  - Primitive: Json
- - LocalDate
  - Primitive: LocalDate
- - LocalDateTime
  - Primitive: LocalDateTime
- - LocalTime
  - Primitive: LocalTime
- - String
  - Primitive: String
- - User
  - Composite:
      name: User
      kind: Persistent
      fields:
        - name: doc
          typ:
            Reference: Doc
          annotations:
            annotations:
              access:
                name: access
                params:
                  Single:
                    LogicalOp:
                      Or:
                        - LogicalOp:
                            Or:
                              - RelationalOp:
                                  Eq:
                                    - FieldSelection:
                                        Select:
                                          - Single:
                                              - - self
                                              - Reference: User
                                          - - role
                                          - Reference: String
                                    - StringLiteral:
                                        - role_admin
                                        - Primitive: String
                                    - Primitive: Boolean
                              - RelationalOp:
                                  Eq:
                                    - FieldSelection:
                                        Select:
                                          - Single:
                                              - - self
                                              - Reference: User
                                          - - role
                                          - Reference: String
                                    - StringLiteral:
                                        - role_superuser
                                        - Primitive: String
                                    - Primitive: Boolean
                              - Primitive: Boolean
                        - FieldSelection:
                            Select:
                              - Select:
                                  - Single:
                                      - - self
                                      - Reference: User
                                  - - doc
                                  - Reference: Doc
                              - - is_public
                              - Reference: Boolean
                        - Primitive: Boolean
              column:
                name: column
                params:
                  Single:
                    StringLiteral:
                      - custom_column
                      - Primitive: String
        - name: role
          typ:
            Reference: String
          annotations:
            annotations: {}
      annotations:
        annotations: {}

