---
source: payas-parser/src/typechecker/mod.rs
expression: types

---
- - AuthContext
  - Composite:
      name: AuthContext
      kind: Context
      fields:
        - name: role
          typ:
            Reference: String
          annotations:
            access: ~
            auto_increment: ~
            bits: ~
            column: ~
            db_type: ~
            length: ~
            plural_name: ~
            precision: ~
            jwt:
              Jwt: None
            pk: ~
            range: ~
            size: ~
            table: ~
      annotations:
        access: ~
        auto_increment: ~
        bits: ~
        column: ~
        db_type: ~
        length: ~
        plural_name: ~
        precision: ~
        jwt: ~
        pk: ~
        range: ~
        size: ~
        table: ~
- - Boolean
  - Primitive: Boolean
- - Doc
  - Composite:
      name: Doc
      kind: Persistent
      fields:
        - name: is_public
          typ:
            Reference: Boolean
          annotations:
            access: ~
            auto_increment: ~
            bits: ~
            column: ~
            db_type: ~
            length: ~
            plural_name: ~
            precision: ~
            jwt: ~
            pk: ~
            range: ~
            size: ~
            table: ~
        - name: content
          typ:
            Reference: String
          annotations:
            access: ~
            auto_increment: ~
            bits: ~
            column: ~
            db_type: ~
            length: ~
            plural_name: ~
            precision: ~
            jwt: ~
            pk: ~
            range: ~
            size: ~
            table: ~
      annotations:
        access:
          Access:
            Single:
              LogicalOp:
                Or:
                  - RelationalOp:
                      Eq:
                        - FieldSelection:
                            Select:
                              - Single:
                                  - - AuthContext
                                  - Reference: AuthContext
                              - - role
                              - Reference: String
                        - StringLiteral:
                            - ROLE_ADMIN
                            - Primitive: String
                        - Primitive: Boolean
                  - FieldSelection:
                      Select:
                        - Single:
                            - - self
                            - Reference: Doc
                        - - is_public
                        - Reference: Boolean
                  - Primitive: Boolean
        auto_increment: ~
        bits: ~
        column: ~
        db_type: ~
        length: ~
        plural_name: ~
        precision: ~
        jwt: ~
        pk: ~
        range: ~
        size: ~
        table: ~
- - Float
  - Primitive: Float
- - Instant
  - Primitive: Instant
- - Int
  - Primitive: Int
- - Json
  - Primitive: Json
- - LocalDate
  - Primitive: LocalDate
- - LocalDateTime
  - Primitive: LocalDateTime
- - LocalTime
  - Primitive: LocalTime
- - String
  - Primitive: String

