---
source: payas-resolver/src/graphql/validation/document_validator.rs
expression: validator.validate(create_query_document(query))
---
Ok(
    ValidatedOperation {
        name: Some(
            "concert1",
        ),
        typ: Query,
        fields: [
            ValidatedField {
                alias: None,
                name: Name(
                    "concert",
                ),
                arguments: {
                    "id": Number(
                        Number(1),
                    ),
                },
                subfields: [
                    ValidatedField {
                        alias: None,
                        name: Name(
                            "id",
                        ),
                        arguments: {},
                        subfields: [],
                    },
                    ValidatedField {
                        alias: Some(
                            Name(
                                "headLine",
                            ),
                        ),
                        name: Name(
                            "title",
                        ),
                        arguments: {},
                        subfields: [],
                    },
                ],
            },
        ],
    },
)
